******************************************************************************
             TMS320C2000 Linker PC v6.2.0                      
******************************************************************************
>> Linked Wed Apr 19 09:36:14 2017

OUTPUT FILE NAME:   <test_v5.out>
ENTRY POINT SYMBOL: "code_start"  address: 00000000


MEMORY CONFIGURATION

         name            origin    length      used     unused   attr    fill
----------------------  --------  ---------  --------  --------  ----  --------
PAGE 0:
  BEGIN                 00000000   00000002  00000002  00000000  RWIX
  RAMM0                 00000050   000003b0  00000000  000003b0  RWIX
  RAML0                 00008000   00001000  0000006c  00000f94  RWIX
  RAML1                 00009000   00001000  000009f1  0000060f  RWIX
  RAML2                 0000a000   00001000  00000000  00001000  RWIX
  RAML3                 0000b000   00001000  00000000  00001000  RWIX
  ZONE7A                00200000   0000fc00  00000000  0000fc00  RWIX
  CSM_RSVD              0033ff80   00000076  00000000  00000076  RWIX
  CSM_PWL               0033fff8   00000008  00000000  00000008  RWIX
  ADC_CAL               00380080   00000009  00000007  00000002  RWIX
  IQTABLES              003fe000   00000b50  00000000  00000b50  RWIX
  IQTABLES2             003feb50   0000008c  00000000  0000008c  RWIX
  FPUTABLES             003febdc   000006a0  00000000  000006a0  RWIX
  BOOTROM               003ff27c   00000d44  00000000  00000d44  RWIX
  RESET                 003fffc0   00000002  00000000  00000002  RWIX

PAGE 1:
  BOOT_RSVD             00000002   0000004e  00000000  0000004e  RWIX
  RAMM1                 00000400   00000400  00000380  00000080  RWIX
  DEV_EMU               00000880   00000180  000000d0  000000b0  RWIX
  FLASH_REGS            00000a80   00000060  00000008  00000058  RWIX
  CSM                   00000ae0   00000010  00000010  00000000  RWIX
  ADC_MIRROR            00000b00   00000010  00000010  00000000  RWIX
  XINTF                 00000b20   00000020  0000001e  00000002  RWIX
  CPU_TIMER0            00000c00   00000008  00000008  00000000  RWIX
  CPU_TIMER1            00000c08   00000008  00000008  00000000  RWIX
  CPU_TIMER2            00000c10   00000008  00000008  00000000  RWIX
  PIE_CTRL              00000ce0   00000020  0000001a  00000006  RWIX
  PIE_VECT              00000d00   00000100  00000100  00000000  RWIX
  DMA                   00001000   00000200  000000e0  00000120  RWIX
  MCBSPA                00005000   00000040  00000025  0000001b  RWIX
  MCBSPB                00005040   00000040  00000025  0000001b  RWIX
  ECANA                 00006000   00000040  00000034  0000000c  RWIX
  ECANA_LAM             00006040   00000040  00000040  00000000  RWIX
  ECANA_MOTS            00006080   00000040  00000040  00000000  RWIX
  ECANA_MOTO            000060c0   00000040  00000040  00000000  RWIX
  ECANA_MBOX            00006100   00000100  00000100  00000000  RWIX
  ECANB                 00006200   00000040  00000034  0000000c  RWIX
  ECANB_LAM             00006240   00000040  00000040  00000000  RWIX
  ECANB_MOTS            00006280   00000040  00000040  00000000  RWIX
  ECANB_MOTO            000062c0   00000040  00000040  00000000  RWIX
  ECANB_MBOX            00006300   00000100  00000100  00000000  RWIX
  EPWM1                 00006800   00000022  00000022  00000000  RWIX
  EPWM2                 00006840   00000022  00000022  00000000  RWIX
  EPWM3                 00006880   00000022  00000022  00000000  RWIX
  EPWM4                 000068c0   00000022  00000022  00000000  RWIX
  EPWM5                 00006900   00000022  00000022  00000000  RWIX
  EPWM6                 00006940   00000022  00000022  00000000  RWIX
  ECAP1                 00006a00   00000020  00000020  00000000  RWIX
  ECAP2                 00006a20   00000020  00000020  00000000  RWIX
  ECAP3                 00006a40   00000020  00000020  00000000  RWIX
  ECAP4                 00006a60   00000020  00000020  00000000  RWIX
  ECAP5                 00006a80   00000020  00000020  00000000  RWIX
  ECAP6                 00006aa0   00000020  00000020  00000000  RWIX
  EQEP1                 00006b00   00000040  00000040  00000000  RWIX
  EQEP2                 00006b40   00000040  00000040  00000000  RWIX
  GPIOCTRL              00006f80   00000040  0000002e  00000012  RWIX
  GPIODAT               00006fc0   00000020  00000020  00000000  RWIX
  GPIOINT               00006fe0   00000020  0000000a  00000016  RWIX
  SYSTEM                00007010   00000020  00000020  00000000  RWIX
  SPIA                  00007040   00000010  00000010  00000000  RWIX
  SCIA                  00007050   00000010  00000010  00000000  RWIX
  XINTRUPT              00007070   00000010  00000010  00000000  RWIX
  ADC                   00007100   00000020  0000001e  00000002  RWIX
  SCIB                  00007750   00000010  00000010  00000000  RWIX
  SCIC                  00007770   00000010  00000010  00000000  RWIX
  I2CA                  00007900   00000040  00000022  0000001e  RWIX
  RAML4                 0000c000   00001000  00000030  00000fd0  RWIX
  RAML5                 0000d000   00001000  00000108  00000ef8  RWIX
  RAML6                 0000e000   00001000  00000000  00001000  RWIX
  RAML7                 0000f000   00001000  00000000  00001000  RWIX
  ZONE7B                0020fc00   00000400  00000000  00000400  RWIX
  CSM_PWL               0033fff8   00000008  00000008  00000000  RWIX
  PARTID                00380090   00000001  00000001  00000000  RWIX


SECTION ALLOCATION MAP

 output                                  attributes/
section   page    origin      length       input sections
--------  ----  ----------  ----------   ----------------
codestart 
*          0    00000000    00000002     
                  00000000    00000002     DSP2833x_CodeStartBranch.obj (codestart)

.pinit     0    00008000    00000000     UNINITIALIZED

.cinit     0    00008000    0000004d     
                  00008000    00000037     main.obj (.cinit)
                  00008037    0000000a     rts2800_fpu32.lib : _lock.obj (.cinit)
                  00008041    0000000a                       : exit.obj (.cinit)
                  0000804b    00000002     --HOLE-- [fill = 0]

ramfuncs   0    0000804d    0000001f     
                  0000804d    0000001b     DSP2833x_SysCtrl.obj (ramfuncs)
                  00008068    00000004     DSP2833x_usDelay.obj (ramfuncs)

.text      0    00009000    000009f1     
                  00009000    0000045d     main.obj (.text)
                  0000945d    00000316     DSP2833x_DefaultIsr.obj (.text:retain)
                  00009773    000000f3     DSP2833x_SysCtrl.obj (.text)
                  00009866    000000a6     main.obj (.text:retain)
                  0000990c    00000046     rts2800_fpu32.lib : boot.obj (.text)
                  00009952    00000028     DSP2833x_PieCtrl.obj (.text)
                  0000997a    00000020     DSP2833x_PieVect.obj (.text)
                  0000999a    00000019     rts2800_fpu32.lib : args_main.obj (.text)
                  000099b3    00000019                       : exit.obj (.text)
                  000099cc    00000014     DSP2833x_Adc.obj (.text)
                  000099e0    00000009     rts2800_fpu32.lib : _lock.obj (.text)
                  000099e9    00000008     DSP2833x_CodeStartBranch.obj (.text)

csm_rsvd   0    0033ff80    00000000     DSECT

csmpasswds 
*          0    0033fff8    00000000     DSECT

.adc_cal   0    00380080    00000007     NOLOAD SECTION
                  00380080    00000007     DSP2833x_ADC_cal.obj (.adc_cal)

.reset     0    003fffc0    00000002     DSECT
                  003fffc0    00000002     rts2800_fpu32.lib : boot.obj (.reset)

.stack     1    00000400    00000380     UNINITIALIZED
                  00000400    00000380     --HOLE--

DevEmuRegsFile 
*          1    00000880    000000d0     UNINITIALIZED
                  00000880    000000d0     DSP2833x_GlobalVariableDefs.obj (DevEmuRegsFile)

FlashRegsFile 
*          1    00000a80    00000008     UNINITIALIZED
                  00000a80    00000008     DSP2833x_GlobalVariableDefs.obj (FlashRegsFile)

CsmRegsFile 
*          1    00000ae0    00000010     UNINITIALIZED
                  00000ae0    00000010     DSP2833x_GlobalVariableDefs.obj (CsmRegsFile)

AdcMirrorFile 
*          1    00000b00    00000010     UNINITIALIZED
                  00000b00    00000010     DSP2833x_GlobalVariableDefs.obj (AdcMirrorFile)

XintfRegsFile 
*          1    00000b20    0000001e     UNINITIALIZED
                  00000b20    0000001e     DSP2833x_GlobalVariableDefs.obj (XintfRegsFile)

CpuTimer0RegsFile 
*          1    00000c00    00000008     UNINITIALIZED
                  00000c00    00000008     DSP2833x_GlobalVariableDefs.obj (CpuTimer0RegsFile)

CpuTimer1RegsFile 
*          1    00000c08    00000008     UNINITIALIZED
                  00000c08    00000008     DSP2833x_GlobalVariableDefs.obj (CpuTimer1RegsFile)

CpuTimer2RegsFile 
*          1    00000c10    00000008     UNINITIALIZED
                  00000c10    00000008     DSP2833x_GlobalVariableDefs.obj (CpuTimer2RegsFile)

PieCtrlRegsFile 
*          1    00000ce0    0000001a     UNINITIALIZED
                  00000ce0    0000001a     DSP2833x_GlobalVariableDefs.obj (PieCtrlRegsFile)

PieVectTableFile 
*          1    00000d00    00000100     UNINITIALIZED
                  00000d00    00000100     DSP2833x_GlobalVariableDefs.obj (PieVectTableFile)

DmaRegsFile 
*          1    00001000    000000e0     UNINITIALIZED
                  00001000    000000e0     DSP2833x_GlobalVariableDefs.obj (DmaRegsFile)

McbspaRegsFile 
*          1    00005000    00000025     UNINITIALIZED
                  00005000    00000025     DSP2833x_GlobalVariableDefs.obj (McbspaRegsFile)

McbspbRegsFile 
*          1    00005040    00000025     UNINITIALIZED
                  00005040    00000025     DSP2833x_GlobalVariableDefs.obj (McbspbRegsFile)

ECanaRegsFile 
*          1    00006000    00000034     UNINITIALIZED
                  00006000    00000034     DSP2833x_GlobalVariableDefs.obj (ECanaRegsFile)

ECanaLAMRegsFile 
*          1    00006040    00000040     UNINITIALIZED
                  00006040    00000040     DSP2833x_GlobalVariableDefs.obj (ECanaLAMRegsFile)

ECanaMOTSRegsFile 
*          1    00006080    00000040     UNINITIALIZED
                  00006080    00000040     DSP2833x_GlobalVariableDefs.obj (ECanaMOTSRegsFile)

ECanaMOTORegsFile 
*          1    000060c0    00000040     UNINITIALIZED
                  000060c0    00000040     DSP2833x_GlobalVariableDefs.obj (ECanaMOTORegsFile)

ECanaMboxesFile 
*          1    00006100    00000100     UNINITIALIZED
                  00006100    00000100     DSP2833x_GlobalVariableDefs.obj (ECanaMboxesFile)

ECanbRegsFile 
*          1    00006200    00000034     UNINITIALIZED
                  00006200    00000034     DSP2833x_GlobalVariableDefs.obj (ECanbRegsFile)

ECanbLAMRegsFile 
*          1    00006240    00000040     UNINITIALIZED
                  00006240    00000040     DSP2833x_GlobalVariableDefs.obj (ECanbLAMRegsFile)

ECanbMOTSRegsFile 
*          1    00006280    00000040     UNINITIALIZED
                  00006280    00000040     DSP2833x_GlobalVariableDefs.obj (ECanbMOTSRegsFile)

ECanbMOTORegsFile 
*          1    000062c0    00000040     UNINITIALIZED
                  000062c0    00000040     DSP2833x_GlobalVariableDefs.obj (ECanbMOTORegsFile)

ECanbMboxesFile 
*          1    00006300    00000100     UNINITIALIZED
                  00006300    00000100     DSP2833x_GlobalVariableDefs.obj (ECanbMboxesFile)

EPwm1RegsFile 
*          1    00006800    00000022     UNINITIALIZED
                  00006800    00000022     DSP2833x_GlobalVariableDefs.obj (EPwm1RegsFile)

EPwm2RegsFile 
*          1    00006840    00000022     UNINITIALIZED
                  00006840    00000022     DSP2833x_GlobalVariableDefs.obj (EPwm2RegsFile)

EPwm3RegsFile 
*          1    00006880    00000022     UNINITIALIZED
                  00006880    00000022     DSP2833x_GlobalVariableDefs.obj (EPwm3RegsFile)

EPwm4RegsFile 
*          1    000068c0    00000022     UNINITIALIZED
                  000068c0    00000022     DSP2833x_GlobalVariableDefs.obj (EPwm4RegsFile)

EPwm5RegsFile 
*          1    00006900    00000022     UNINITIALIZED
                  00006900    00000022     DSP2833x_GlobalVariableDefs.obj (EPwm5RegsFile)

EPwm6RegsFile 
*          1    00006940    00000022     UNINITIALIZED
                  00006940    00000022     DSP2833x_GlobalVariableDefs.obj (EPwm6RegsFile)

ECap1RegsFile 
*          1    00006a00    00000020     UNINITIALIZED
                  00006a00    00000020     DSP2833x_GlobalVariableDefs.obj (ECap1RegsFile)

ECap2RegsFile 
*          1    00006a20    00000020     UNINITIALIZED
                  00006a20    00000020     DSP2833x_GlobalVariableDefs.obj (ECap2RegsFile)

ECap3RegsFile 
*          1    00006a40    00000020     UNINITIALIZED
                  00006a40    00000020     DSP2833x_GlobalVariableDefs.obj (ECap3RegsFile)

ECap4RegsFile 
*          1    00006a60    00000020     UNINITIALIZED
                  00006a60    00000020     DSP2833x_GlobalVariableDefs.obj (ECap4RegsFile)

ECap5RegsFile 
*          1    00006a80    00000020     UNINITIALIZED
                  00006a80    00000020     DSP2833x_GlobalVariableDefs.obj (ECap5RegsFile)

ECap6RegsFile 
*          1    00006aa0    00000020     UNINITIALIZED
                  00006aa0    00000020     DSP2833x_GlobalVariableDefs.obj (ECap6RegsFile)

EQep1RegsFile 
*          1    00006b00    00000040     UNINITIALIZED
                  00006b00    00000040     DSP2833x_GlobalVariableDefs.obj (EQep1RegsFile)

EQep2RegsFile 
*          1    00006b40    00000040     UNINITIALIZED
                  00006b40    00000040     DSP2833x_GlobalVariableDefs.obj (EQep2RegsFile)

GpioCtrlRegsFile 
*          1    00006f80    0000002e     UNINITIALIZED
                  00006f80    0000002e     DSP2833x_GlobalVariableDefs.obj (GpioCtrlRegsFile)

GpioDataRegsFile 
*          1    00006fc0    00000020     UNINITIALIZED
                  00006fc0    00000020     DSP2833x_GlobalVariableDefs.obj (GpioDataRegsFile)

GpioIntRegsFile 
*          1    00006fe0    0000000a     UNINITIALIZED
                  00006fe0    0000000a     DSP2833x_GlobalVariableDefs.obj (GpioIntRegsFile)

SysCtrlRegsFile 
*          1    00007010    00000020     UNINITIALIZED
                  00007010    00000020     DSP2833x_GlobalVariableDefs.obj (SysCtrlRegsFile)

SpiaRegsFile 
*          1    00007040    00000010     UNINITIALIZED
                  00007040    00000010     DSP2833x_GlobalVariableDefs.obj (SpiaRegsFile)

SciaRegsFile 
*          1    00007050    00000010     UNINITIALIZED
                  00007050    00000010     DSP2833x_GlobalVariableDefs.obj (SciaRegsFile)

XIntruptRegsFile 
*          1    00007070    00000010     UNINITIALIZED
                  00007070    00000010     DSP2833x_GlobalVariableDefs.obj (XIntruptRegsFile)

AdcRegsFile 
*          1    00007100    0000001e     UNINITIALIZED
                  00007100    0000001e     DSP2833x_GlobalVariableDefs.obj (AdcRegsFile)

ScibRegsFile 
*          1    00007750    00000010     UNINITIALIZED
                  00007750    00000010     DSP2833x_GlobalVariableDefs.obj (ScibRegsFile)

ScicRegsFile 
*          1    00007770    00000010     UNINITIALIZED
                  00007770    00000010     DSP2833x_GlobalVariableDefs.obj (ScicRegsFile)

I2caRegsFile 
*          1    00007900    00000022     UNINITIALIZED
                  00007900    00000022     DSP2833x_GlobalVariableDefs.obj (I2caRegsFile)

.ebss      1    0000c000    00000030     UNINITIALIZED
                  0000c000    00000028     main.obj (.ebss)
                  0000c028    00000004     rts2800_fpu32.lib : _lock.obj (.ebss)
                  0000c02c    00000004                       : exit.obj (.ebss)

.econst    1    0000d000    00000108     
                  0000d000    00000100     DSP2833x_PieVect.obj (.econst)
                  0000d100    00000004     main.obj (.econst:_$P$T0$1)
                  0000d104    00000004     main.obj (.econst:_$P$T1$2)

CsmPwlFile 
*          1    0033fff8    00000008     UNINITIALIZED
                  0033fff8    00000008     DSP2833x_GlobalVariableDefs.obj (CsmPwlFile)

PartIdRegsFile 
*          1    00380090    00000001     UNINITIALIZED
                  00380090    00000001     DSP2833x_GlobalVariableDefs.obj (PartIdRegsFile)


GLOBAL DATA SYMBOLS: SORTED BY DATA PAGE

address     data page           name
--------    ----------------    ----
00000400      10 (00000400)     __stack

00000880      22 (00000880)     _DevEmuRegs

00000a80      2a (00000a80)     _FlashRegs

00000ae0      2b (00000ac0)     _CsmRegs

00000b00      2c (00000b00)     _AdcMirror
00000b20      2c (00000b00)     _XintfRegs

00000c00      30 (00000c00)     _CpuTimer0Regs
00000c08      30 (00000c00)     _CpuTimer1Regs
00000c10      30 (00000c00)     _CpuTimer2Regs

00000ce0      33 (00000cc0)     _PieCtrlRegs

00000d00      34 (00000d00)     _PieVectTable

00001000      40 (00001000)     _DmaRegs

00005000     140 (00005000)     _McbspaRegs

00005040     141 (00005040)     _McbspbRegs

00006000     180 (00006000)     _ECanaRegs

00006040     181 (00006040)     _ECanaLAMRegs

00006080     182 (00006080)     _ECanaMOTSRegs

000060c0     183 (000060c0)     _ECanaMOTORegs

00006100     184 (00006100)     _ECanaMboxes

00006200     188 (00006200)     _ECanbRegs

00006240     189 (00006240)     _ECanbLAMRegs

00006280     18a (00006280)     _ECanbMOTSRegs

000062c0     18b (000062c0)     _ECanbMOTORegs

00006300     18c (00006300)     _ECanbMboxes

00006800     1a0 (00006800)     _EPwm1Regs

00006840     1a1 (00006840)     _EPwm2Regs

00006880     1a2 (00006880)     _EPwm3Regs

000068c0     1a3 (000068c0)     _EPwm4Regs

00006900     1a4 (00006900)     _EPwm5Regs

00006940     1a5 (00006940)     _EPwm6Regs

00006a00     1a8 (00006a00)     _ECap1Regs
00006a20     1a8 (00006a00)     _ECap2Regs

00006a40     1a9 (00006a40)     _ECap3Regs
00006a60     1a9 (00006a40)     _ECap4Regs

00006a80     1aa (00006a80)     _ECap5Regs
00006aa0     1aa (00006a80)     _ECap6Regs

00006b00     1ac (00006b00)     _EQep1Regs

00006b40     1ad (00006b40)     _EQep2Regs

00006f80     1be (00006f80)     _GpioCtrlRegs

00006fc0     1bf (00006fc0)     _GpioDataRegs
00006fe0     1bf (00006fc0)     _GpioIntRegs

00007010     1c0 (00007000)     _SysCtrlRegs

00007040     1c1 (00007040)     _SpiaRegs
00007050     1c1 (00007040)     _SciaRegs
00007070     1c1 (00007040)     _XIntruptRegs

00007100     1c4 (00007100)     _AdcRegs

00007750     1dd (00007740)     _ScibRegs
00007770     1dd (00007740)     _ScicRegs

00007900     1e4 (00007900)     _I2caRegs

0000c000     300 (0000c000)     _Position_samp2
0000c001     300 (0000c000)     _Position_samp1
0000c002     300 (0000c000)     _Position_samp3
0000c003     300 (0000c000)     _Position_Sampled_Flag
0000c004     300 (0000c000)     _Position_PID_cntrl_flag
0000c005     300 (0000c000)     _Position_samp4
0000c006     300 (0000c000)     _BB_cntrl_flag
0000c008     300 (0000c000)     _Current_samp4
0000c00a     300 (0000c000)     _Current_samp2
0000c00b     300 (0000c000)     _Current_samp1
0000c00d     300 (0000c000)     _Current_samp3
0000c00e     300 (0000c000)     _IdleCount
0000c00f     300 (0000c000)     _InterruptCount
0000c012     300 (0000c000)     _Time_counter
0000c01a     300 (0000c000)     _Delta_Setpoint
0000c028     300 (0000c000)     __unlock
0000c02a     300 (0000c000)     __lock
0000c02c     300 (0000c000)     ___TI_cleanup_ptr
0000c02e     300 (0000c000)     ___TI_dtors_ptr

0000d000     340 (0000d000)     _PieVectTableInit

0033fff8    cfff (0033ffc0)     _CsmPwl

00380090    e002 (00380080)     _PartIdRegs


GLOBAL SYMBOLS: SORTED ALPHABETICALLY BY Name 

address    name
--------   ----
00009000   .text
000099b3   C$$EXIT
00009543   _ADCINT_ISR
00380080   _ADC_cal
00000b00   _AdcMirror
00007100   _AdcRegs
0000c006   _BB_cntrl_flag
000090c7   _Bang_Bang_Cntrl
00000c00   _CpuTimer0Regs
00000c08   _CpuTimer1Regs
00000c10   _CpuTimer2Regs
0033fff8   _CsmPwl
00000ae0   _CsmRegs
00009835   _CsmUnlock
0000c00b   _Current_samp1
0000c00a   _Current_samp2
0000c00d   _Current_samp3
0000c008   _Current_samp4
00009471   _DATALOG_ISR
00009665   _DINTCH1_ISR
0000966f   _DINTCH2_ISR
00009679   _DINTCH3_ISR
00009683   _DINTCH4_ISR
0000968d   _DINTCH5_ISR
00009697   _DINTCH6_ISR
00008068   _DSP28x_usDelay
0000c01a   _Delta_Setpoint
00000880   _DevEmuRegs
000091db   _Digital_Filter_2nd_order
00009786   _DisableDog
00001000   _DmaRegs
000096f1   _ECAN0INTA_ISR
00009705   _ECAN0INTB_ISR
000096fb   _ECAN1INTA_ISR
0000970f   _ECAN1INTB_ISR
000095d9   _ECAP1_INT_ISR
000095e3   _ECAP2_INT_ISR
000095ed   _ECAP3_INT_ISR
000095f7   _ECAP4_INT_ISR
00009601   _ECAP5_INT_ISR
0000960b   _ECAP6_INT_ISR
00006040   _ECanaLAMRegs
000060c0   _ECanaMOTORegs
00006080   _ECanaMOTSRegs
00006100   _ECanaMboxes
00006000   _ECanaRegs
00006240   _ECanbLAMRegs
000062c0   _ECanbMOTORegs
00006280   _ECanbMOTSRegs
00006300   _ECanbMboxes
00006200   _ECanbRegs
00006a00   _ECap1Regs
00006a20   _ECap2Regs
00006a40   _ECap3Regs
00006a60   _ECap4Regs
00006a80   _ECap5Regs
00006aa0   _ECap6Regs
00009485   _EMUINT_ISR
0000959d   _EPWM1_INT_ISR
00009561   _EPWM1_TZINT_ISR
000098f7   _EPWM1_isr
000095a7   _EPWM2_INT_ISR
0000956b   _EPWM2_TZINT_ISR
000095b1   _EPWM3_INT_ISR
00009575   _EPWM3_TZINT_ISR
000095bb   _EPWM4_INT_ISR
0000957f   _EPWM4_TZINT_ISR
000095c5   _EPWM5_INT_ISR
00009589   _EPWM5_TZINT_ISR
000095cf   _EPWM6_INT_ISR
00009593   _EPWM6_TZINT_ISR
00006800   _EPwm1Regs
00006840   _EPwm2Regs
00006880   _EPwm3Regs
000068c0   _EPwm4Regs
00006900   _EPwm5Regs
00006940   _EPwm6Regs
00009615   _EQEP1_INT_ISR
0000961f   _EQEP2_INT_ISR
00006b00   _EQep1Regs
00006b40   _EQep2Regs
00009971   _EnableInterrupts
00000a80   _FlashRegs
00009261   _GPIO_setup
00006f80   _GpioCtrlRegs
00006fc0   _GpioDataRegs
00006fe0   _GpioIntRegs
000096a1   _I2CINT1A_ISR
000096ab   _I2CINT2A_ISR
00007900   _I2caRegs
00009499   _ILLEGAL_ISR
0000945d   _INT13_ISR
00009467   _INT14_ISR
0000c00e   _IdleCount
000099cc   _InitAdc
0000804d   _InitFlash
000097da   _InitPeripheralClocks
00009952   _InitPieCtrl
0000997a   _InitPieVectTable
0000978e   _InitPll
00009773   _InitSysCtrl
0000c00f   _InterruptCount
00009755   _LUF_ISR
0000974b   _LVF_ISR
00009651   _MRINTA_ISR
0000963d   _MRINTB_ISR
0000965b   _MXINTA_ISR
00009647   _MXINTB_ISR
00005000   _McbspaRegs
00005040   _McbspbRegs
0000948f   _NMI_ISR
0000975f   _PIE_RESERVED
00380090   _PartIdRegs
00000ce0   _PieCtrlRegs
00000d00   _PieVectTable
0000d000   _PieVectTableInit
00009119   _Position_PID_Cntrl_x
0000c004   _Position_PID_cntrl_flag
0000c003   _Position_Sampled_Flag
0000c001   _Position_samp1
0000c000   _Position_samp2
0000c002   _Position_samp3
0000c005   _Position_samp4
0000947b   _RTOSINT_ISR
000096c9   _SCIRXINTA_ISR
000096dd   _SCIRXINTB_ISR
000096b5   _SCIRXINTC_ISR
000096d3   _SCITXINTA_ISR
000096e7   _SCITXINTB_ISR
000096bf   _SCITXINTC_ISR
0000951b   _SEQ1INT_ISR
00009525   _SEQ2INT_ISR
00009629   _SPIRXINTA_ISR
00009633   _SPITXINTA_ISR
00007050   _SciaRegs
00007750   _ScibRegs
00007770   _ScicRegs
0000977c   _ServiceDog
00007040   _SpiaRegs
00007010   _SysCtrlRegs
0000954d   _TINT0_ISR
0000c012   _Time_counter
000094fd   _USER10_ISR
00009507   _USER11_ISR
00009511   _USER12_ISR
000094a3   _USER1_ISR
000094ad   _USER2_ISR
000094b7   _USER3_ISR
000094c1   _USER4_ISR
000094cb   _USER5_ISR
000094d5   _USER6_ISR
000094df   _USER7_ISR
000094e9   _USER8_ISR
000094f3   _USER9_ISR
00009557   _WAKEINT_ISR
0000952f   _XINT1_ISR
00009539   _XINT2_ISR
00009719   _XINT3_ISR
00009723   _XINT4_ISR
0000972d   _XINT5_ISR
00009737   _XINT6_ISR
00009741   _XINT7_ISR
00007070   _XIntruptRegs
00000b20   _XintfRegs
00000780   __STACK_END
00000380   __STACK_SIZE
00000001   __TI_args_main
0000c02c   ___TI_cleanup_ptr
0000c02e   ___TI_dtors_ptr
ffffffff   ___binit__
ffffffff   ___c_args__
00008000   ___cinit__
000099f1   ___etext__
ffffffff   ___pinit__
00009000   ___text__
0000999a   __args_main
0000c02a   __lock
000099e8   __nop
000099e4   __register_lock
000099e0   __register_unlock
00000400   __stack
0000c028   __unlock
000099b3   _abort
00009866   _adc_isr
0000990c   _c_int00
000099b5   _exit
00009000   _main
00009769   _rsvd_ISR
ffffffff   binit
00008000   cinit
00000000   code_start
000099f1   etext
ffffffff   pinit


GLOBAL SYMBOLS: SORTED BY Symbol Address 

address    name
--------   ----
00000000   code_start
00000001   __TI_args_main
00000380   __STACK_SIZE
00000400   __stack
00000780   __STACK_END
00000880   _DevEmuRegs
00000a80   _FlashRegs
00000ae0   _CsmRegs
00000b00   _AdcMirror
00000b20   _XintfRegs
00000c00   _CpuTimer0Regs
00000c08   _CpuTimer1Regs
00000c10   _CpuTimer2Regs
00000ce0   _PieCtrlRegs
00000d00   _PieVectTable
00001000   _DmaRegs
00005000   _McbspaRegs
00005040   _McbspbRegs
00006000   _ECanaRegs
00006040   _ECanaLAMRegs
00006080   _ECanaMOTSRegs
000060c0   _ECanaMOTORegs
00006100   _ECanaMboxes
00006200   _ECanbRegs
00006240   _ECanbLAMRegs
00006280   _ECanbMOTSRegs
000062c0   _ECanbMOTORegs
00006300   _ECanbMboxes
00006800   _EPwm1Regs
00006840   _EPwm2Regs
00006880   _EPwm3Regs
000068c0   _EPwm4Regs
00006900   _EPwm5Regs
00006940   _EPwm6Regs
00006a00   _ECap1Regs
00006a20   _ECap2Regs
00006a40   _ECap3Regs
00006a60   _ECap4Regs
00006a80   _ECap5Regs
00006aa0   _ECap6Regs
00006b00   _EQep1Regs
00006b40   _EQep2Regs
00006f80   _GpioCtrlRegs
00006fc0   _GpioDataRegs
00006fe0   _GpioIntRegs
00007010   _SysCtrlRegs
00007040   _SpiaRegs
00007050   _SciaRegs
00007070   _XIntruptRegs
00007100   _AdcRegs
00007750   _ScibRegs
00007770   _ScicRegs
00007900   _I2caRegs
00008000   ___cinit__
00008000   cinit
0000804d   _InitFlash
00008068   _DSP28x_usDelay
00009000   .text
00009000   ___text__
00009000   _main
000090c7   _Bang_Bang_Cntrl
00009119   _Position_PID_Cntrl_x
000091db   _Digital_Filter_2nd_order
00009261   _GPIO_setup
0000945d   _INT13_ISR
00009467   _INT14_ISR
00009471   _DATALOG_ISR
0000947b   _RTOSINT_ISR
00009485   _EMUINT_ISR
0000948f   _NMI_ISR
00009499   _ILLEGAL_ISR
000094a3   _USER1_ISR
000094ad   _USER2_ISR
000094b7   _USER3_ISR
000094c1   _USER4_ISR
000094cb   _USER5_ISR
000094d5   _USER6_ISR
000094df   _USER7_ISR
000094e9   _USER8_ISR
000094f3   _USER9_ISR
000094fd   _USER10_ISR
00009507   _USER11_ISR
00009511   _USER12_ISR
0000951b   _SEQ1INT_ISR
00009525   _SEQ2INT_ISR
0000952f   _XINT1_ISR
00009539   _XINT2_ISR
00009543   _ADCINT_ISR
0000954d   _TINT0_ISR
00009557   _WAKEINT_ISR
00009561   _EPWM1_TZINT_ISR
0000956b   _EPWM2_TZINT_ISR
00009575   _EPWM3_TZINT_ISR
0000957f   _EPWM4_TZINT_ISR
00009589   _EPWM5_TZINT_ISR
00009593   _EPWM6_TZINT_ISR
0000959d   _EPWM1_INT_ISR
000095a7   _EPWM2_INT_ISR
000095b1   _EPWM3_INT_ISR
000095bb   _EPWM4_INT_ISR
000095c5   _EPWM5_INT_ISR
000095cf   _EPWM6_INT_ISR
000095d9   _ECAP1_INT_ISR
000095e3   _ECAP2_INT_ISR
000095ed   _ECAP3_INT_ISR
000095f7   _ECAP4_INT_ISR
00009601   _ECAP5_INT_ISR
0000960b   _ECAP6_INT_ISR
00009615   _EQEP1_INT_ISR
0000961f   _EQEP2_INT_ISR
00009629   _SPIRXINTA_ISR
00009633   _SPITXINTA_ISR
0000963d   _MRINTB_ISR
00009647   _MXINTB_ISR
00009651   _MRINTA_ISR
0000965b   _MXINTA_ISR
00009665   _DINTCH1_ISR
0000966f   _DINTCH2_ISR
00009679   _DINTCH3_ISR
00009683   _DINTCH4_ISR
0000968d   _DINTCH5_ISR
00009697   _DINTCH6_ISR
000096a1   _I2CINT1A_ISR
000096ab   _I2CINT2A_ISR
000096b5   _SCIRXINTC_ISR
000096bf   _SCITXINTC_ISR
000096c9   _SCIRXINTA_ISR
000096d3   _SCITXINTA_ISR
000096dd   _SCIRXINTB_ISR
000096e7   _SCITXINTB_ISR
000096f1   _ECAN0INTA_ISR
000096fb   _ECAN1INTA_ISR
00009705   _ECAN0INTB_ISR
0000970f   _ECAN1INTB_ISR
00009719   _XINT3_ISR
00009723   _XINT4_ISR
0000972d   _XINT5_ISR
00009737   _XINT6_ISR
00009741   _XINT7_ISR
0000974b   _LVF_ISR
00009755   _LUF_ISR
0000975f   _PIE_RESERVED
00009769   _rsvd_ISR
00009773   _InitSysCtrl
0000977c   _ServiceDog
00009786   _DisableDog
0000978e   _InitPll
000097da   _InitPeripheralClocks
00009835   _CsmUnlock
00009866   _adc_isr
000098f7   _EPWM1_isr
0000990c   _c_int00
00009952   _InitPieCtrl
00009971   _EnableInterrupts
0000997a   _InitPieVectTable
0000999a   __args_main
000099b3   C$$EXIT
000099b3   _abort
000099b5   _exit
000099cc   _InitAdc
000099e0   __register_unlock
000099e4   __register_lock
000099e8   __nop
000099f1   ___etext__
000099f1   etext
0000c000   _Position_samp2
0000c001   _Position_samp1
0000c002   _Position_samp3
0000c003   _Position_Sampled_Flag
0000c004   _Position_PID_cntrl_flag
0000c005   _Position_samp4
0000c006   _BB_cntrl_flag
0000c008   _Current_samp4
0000c00a   _Current_samp2
0000c00b   _Current_samp1
0000c00d   _Current_samp3
0000c00e   _IdleCount
0000c00f   _InterruptCount
0000c012   _Time_counter
0000c01a   _Delta_Setpoint
0000c028   __unlock
0000c02a   __lock
0000c02c   ___TI_cleanup_ptr
0000c02e   ___TI_dtors_ptr
0000d000   _PieVectTableInit
0033fff8   _CsmPwl
00380080   _ADC_cal
00380090   _PartIdRegs
ffffffff   ___binit__
ffffffff   ___c_args__
ffffffff   ___pinit__
ffffffff   binit
ffffffff   pinit

[193 symbols]
